// Jest Snapshot v1, https://goo.gl/fbAQLP

exports[`Matches the snapshot appStack 1`] = `
{
  "Mappings": {
    "AWSCloudFrontPartitionHostedZoneIdMap": {
      "aws": {
        "zoneId": "Z2FDTNDATAQYW2",
      },
      "aws-cn": {
        "zoneId": "Z3RFFRIM2A3IF5",
      },
    },
  },
  "Outputs": {
    "CloudFrontwebBucketName0E44B808": {
      "Value": {
        "Ref": "CloudFrontprdwebbucketC3775410",
      },
    },
    "CloudFrontwebUrl9B9CF8D7": {
      "Value": {
        "Fn::Join": [
          "",
          [
            "https://",
            {
              "Fn::GetAtt": [
                "CloudFrontprddistribution0A453D49",
                "DomainName",
              ],
            },
          ],
        ],
      },
    },
  },
  "Parameters": {
    "BootstrapVersion": {
      "Default": "/cdk-bootstrap/hnb659fds/version",
      "Description": "Version of the CDK Bootstrap resources in this environment, automatically retrieved from SSM Parameter Store. [cdk:skip]",
      "Type": "AWS::SSM::Parameter::Value<String>",
    },
  },
  "Resources": {
    "CloudFrontprddistribution0A453D49": {
      "Properties": {
        "DistributionConfig": {
          "Aliases": [
            "nuts-choco.com",
          ],
          "DefaultCacheBehavior": {
            "CachePolicyId": "658327ea-f89d-4fab-a63d-7e88639e58f6",
            "Compress": true,
            "TargetOriginId": "AppStackCloudFrontprddistributionOrigin1B186F0A7",
            "ViewerProtocolPolicy": "redirect-to-https",
          },
          "DefaultRootObject": "index.html",
          "Enabled": true,
          "HttpVersion": "http2",
          "IPV6Enabled": true,
          "Origins": [
            {
              "DomainName": {
                "Fn::GetAtt": [
                  "CloudFrontprdwebbucketC3775410",
                  "RegionalDomainName",
                ],
              },
              "Id": "AppStackCloudFrontprddistributionOrigin1B186F0A7",
              "OriginAccessControlId": {
                "Fn::GetAtt": [
                  "CloudFrontprddistributionOrigin1S3OriginAccessControl6082355B",
                  "Id",
                ],
              },
              "S3OriginConfig": {
                "OriginAccessIdentity": "",
              },
            },
          ],
          "ViewerCertificate": {
            "AcmCertificateArn": {
              "Ref": "Route53certificateAFAFED4C",
            },
            "MinimumProtocolVersion": "TLSv1.2_2021",
            "SslSupportMethod": "sni-only",
          },
        },
      },
      "Type": "AWS::CloudFront::Distribution",
    },
    "CloudFrontprddistributionOrigin1S3OriginAccessControl6082355B": {
      "Properties": {
        "OriginAccessControlConfig": {
          "Name": "AppStackCloudFrontprddistribOrigin1S3OriginAccessControlEF3B4CC4",
          "OriginAccessControlOriginType": "s3",
          "SigningBehavior": "always",
          "SigningProtocol": "sigv4",
        },
      },
      "Type": "AWS::CloudFront::OriginAccessControl",
    },
    "CloudFrontprdwebbucketAutoDeleteObjectsCustomResource64555804": {
      "DeletionPolicy": "Delete",
      "DependsOn": [
        "CloudFrontprdwebbucketPolicy50235C8B",
      ],
      "Properties": {
        "BucketName": {
          "Ref": "CloudFrontprdwebbucketC3775410",
        },
        "ServiceToken": {
          "Fn::GetAtt": [
            "CustomS3AutoDeleteObjectsCustomResourceProviderHandler9D90184F",
            "Arn",
          ],
        },
      },
      "Type": "Custom::S3AutoDeleteObjects",
      "UpdateReplacePolicy": "Delete",
    },
    "CloudFrontprdwebbucketC3775410": {
      "DeletionPolicy": "Delete",
      "Properties": {
        "BucketEncryption": {
          "ServerSideEncryptionConfiguration": [
            {
              "ServerSideEncryptionByDefault": {
                "SSEAlgorithm": "AES256",
              },
            },
          ],
        },
        "Tags": [
          {
            "Key": "aws-cdk:auto-delete-objects",
            "Value": "true",
          },
        ],
        "VersioningConfiguration": {
          "Status": "Enabled",
        },
      },
      "Type": "AWS::S3::Bucket",
      "UpdateReplacePolicy": "Delete",
    },
    "CloudFrontprdwebbucketPolicy50235C8B": {
      "Properties": {
        "Bucket": {
          "Ref": "CloudFrontprdwebbucketC3775410",
        },
        "PolicyDocument": {
          "Statement": [
            {
              "Action": "s3:*",
              "Condition": {
                "Bool": {
                  "aws:SecureTransport": "false",
                },
              },
              "Effect": "Deny",
              "Principal": {
                "AWS": "*",
              },
              "Resource": [
                {
                  "Fn::GetAtt": [
                    "CloudFrontprdwebbucketC3775410",
                    "Arn",
                  ],
                },
                {
                  "Fn::Join": [
                    "",
                    [
                      {
                        "Fn::GetAtt": [
                          "CloudFrontprdwebbucketC3775410",
                          "Arn",
                        ],
                      },
                      "/*",
                    ],
                  ],
                },
              ],
            },
            {
              "Action": [
                "s3:PutBucketPolicy",
                "s3:GetBucket*",
                "s3:List*",
                "s3:DeleteObject*",
              ],
              "Effect": "Allow",
              "Principal": {
                "AWS": {
                  "Fn::GetAtt": [
                    "CustomS3AutoDeleteObjectsCustomResourceProviderRole3B1BD092",
                    "Arn",
                  ],
                },
              },
              "Resource": [
                {
                  "Fn::GetAtt": [
                    "CloudFrontprdwebbucketC3775410",
                    "Arn",
                  ],
                },
                {
                  "Fn::Join": [
                    "",
                    [
                      {
                        "Fn::GetAtt": [
                          "CloudFrontprdwebbucketC3775410",
                          "Arn",
                        ],
                      },
                      "/*",
                    ],
                  ],
                },
              ],
            },
            {
              "Action": "s3:GetObject",
              "Condition": {
                "StringEquals": {
                  "AWS:SourceArn": {
                    "Fn::Join": [
                      "",
                      [
                        "arn:",
                        {
                          "Ref": "AWS::Partition",
                        },
                        ":cloudfront::",
                        {
                          "Ref": "AWS::AccountId",
                        },
                        ":distribution/",
                        {
                          "Ref": "CloudFrontprddistribution0A453D49",
                        },
                      ],
                    ],
                  },
                },
              },
              "Effect": "Allow",
              "Principal": {
                "Service": "cloudfront.amazonaws.com",
              },
              "Resource": {
                "Fn::Join": [
                  "",
                  [
                    {
                      "Fn::GetAtt": [
                        "CloudFrontprdwebbucketC3775410",
                        "Arn",
                      ],
                    },
                    "/*",
                  ],
                ],
              },
            },
          ],
          "Version": "2012-10-17",
        },
      },
      "Type": "AWS::S3::BucketPolicy",
    },
    "CustomS3AutoDeleteObjectsCustomResourceProviderHandler9D90184F": {
      "DependsOn": [
        "CustomS3AutoDeleteObjectsCustomResourceProviderRole3B1BD092",
      ],
      "Properties": {
        "Code": {
          "S3Bucket": "cdk-hnb659fds-assets-992382384155-us-east-1",
          "S3Key": "faa95a81ae7d7373f3e1f242268f904eb748d8d0fdd306e8a6fe515a1905a7d6.zip",
        },
        "Description": {
          "Fn::Join": [
            "",
            [
              "Lambda function for auto-deleting objects in ",
              {
                "Ref": "CloudFrontprdwebbucketC3775410",
              },
              " S3 bucket.",
            ],
          ],
        },
        "Handler": "index.handler",
        "MemorySize": 128,
        "Role": {
          "Fn::GetAtt": [
            "CustomS3AutoDeleteObjectsCustomResourceProviderRole3B1BD092",
            "Arn",
          ],
        },
        "Runtime": "nodejs20.x",
        "Timeout": 900,
      },
      "Type": "AWS::Lambda::Function",
    },
    "CustomS3AutoDeleteObjectsCustomResourceProviderRole3B1BD092": {
      "Properties": {
        "AssumeRolePolicyDocument": {
          "Statement": [
            {
              "Action": "sts:AssumeRole",
              "Effect": "Allow",
              "Principal": {
                "Service": "lambda.amazonaws.com",
              },
            },
          ],
          "Version": "2012-10-17",
        },
        "ManagedPolicyArns": [
          {
            "Fn::Sub": "arn:\${AWS::Partition}:iam::aws:policy/service-role/AWSLambdaBasicExecutionRole",
          },
        ],
      },
      "Type": "AWS::IAM::Role",
    },
    "Route53aliasrecorde3b0c442982EFDB858": {
      "Properties": {
        "AliasTarget": {
          "DNSName": {
            "Fn::GetAtt": [
              "CloudFrontprddistribution0A453D49",
              "DomainName",
            ],
          },
          "HostedZoneId": {
            "Fn::FindInMap": [
              "AWSCloudFrontPartitionHostedZoneIdMap",
              {
                "Ref": "AWS::Partition",
              },
              "zoneId",
            ],
          },
        },
        "HostedZoneId": {
          "Ref": "Route53hostedzone82773177",
        },
        "Name": "nuts-choco.com.",
        "Type": "A",
      },
      "Type": "AWS::Route53::RecordSet",
    },
    "Route53certificateAFAFED4C": {
      "Properties": {
        "DomainName": "nuts-choco.com",
        "DomainValidationOptions": [
          {
            "DomainName": "nuts-choco.com",
            "HostedZoneId": {
              "Ref": "Route53hostedzone82773177",
            },
          },
        ],
        "SubjectAlternativeNames": [
          "*.nuts-choco.com",
        ],
        "Tags": [
          {
            "Key": "Name",
            "Value": "AppStack/Route53/certificate",
          },
        ],
        "ValidationMethod": "DNS",
      },
      "Type": "AWS::CertificateManager::Certificate",
    },
    "Route53devdsrecords31326F3B": {
      "Properties": {
        "HostedZoneId": {
          "Ref": "Route53hostedzone82773177",
        },
        "Name": "dev.nuts-choco.com.",
        "ResourceRecords": [
          "38063 13 2 9A43C3F7FAA9210106693EAB213E30E5CE8C00203EBEF2E7389B735C65796A91",
        ],
        "TTL": "1800",
        "Type": "DS",
      },
      "Type": "AWS::Route53::RecordSet",
    },
    "Route53devnsrecords308B19F8": {
      "Properties": {
        "HostedZoneId": {
          "Ref": "Route53hostedzone82773177",
        },
        "Name": "dev.nuts-choco.com.",
        "ResourceRecords": [
          "ns-897.awsdns-48.net",
          "ns-303.awsdns-37.com",
          "ns-1522.awsdns-62.org",
          "ns-1659.awsdns-15.co.uk",
        ],
        "TTL": "1800",
        "Type": "NS",
      },
      "Type": "AWS::Route53::RecordSet",
    },
    "Route53dmarcrecords5AFBA8B8": {
      "Properties": {
        "HostedZoneId": {
          "Ref": "Route53hostedzone82773177",
        },
        "Name": "_dmarc.nuts-choco.com.",
        "ResourceRecords": [
          ""v=DMARC1; p=reject; rua=mailto:dmarc-report@nuts-choco.com; ruf=mailto:dmarc-report@nuts-choco.com"",
        ],
        "TTL": "1800",
        "Type": "TXT",
      },
      "Type": "AWS::Route53::RecordSet",
    },
    "Route53dnssec7B8EFE03": {
      "DependsOn": [
        "Route53dnsseckskC7DA8E60",
      ],
      "Properties": {
        "HostedZoneId": {
          "Ref": "Route53hostedzone82773177",
        },
      },
      "Type": "AWS::Route53::DNSSEC",
    },
    "Route53dnsseckey05131871": {
      "DeletionPolicy": "Delete",
      "Properties": {
        "EnableKeyRotation": false,
        "KeyPolicy": {
          "Statement": [
            {
              "Action": "kms:*",
              "Effect": "Allow",
              "Principal": {
                "AWS": {
                  "Fn::Join": [
                    "",
                    [
                      "arn:",
                      {
                        "Ref": "AWS::Partition",
                      },
                      ":iam::992382384155:root",
                    ],
                  ],
                },
              },
              "Resource": "*",
            },
            {
              "Action": [
                "kms:DescribeKey",
                "kms:GetPublicKey",
                "kms:Sign",
              ],
              "Condition": {
                "StringEquals": {
                  "aws:SourceAccount": "992382384155",
                },
              },
              "Effect": "Allow",
              "Principal": {
                "Service": "dnssec-route53.amazonaws.com",
              },
              "Resource": "*",
            },
            {
              "Action": "kms:CreateGrant",
              "Condition": {
                "Bool": {
                  "kms:GrantIsForAWSResource": true,
                },
                "StringEquals": {
                  "aws:SourceAccount": "992382384155",
                },
              },
              "Effect": "Allow",
              "Principal": {
                "Service": "dnssec-route53.amazonaws.com",
              },
              "Resource": "*",
            },
          ],
          "Version": "2012-10-17",
        },
        "KeySpec": "ECC_NIST_P256",
        "KeyUsage": "SIGN_VERIFY",
      },
      "Type": "AWS::KMS::Key",
      "UpdateReplacePolicy": "Delete",
    },
    "Route53dnsseckeyAlias90EA0997": {
      "Properties": {
        "AliasName": "alias/nuts-choco-com-dnssec-key",
        "TargetKeyId": {
          "Fn::GetAtt": [
            "Route53dnsseckey05131871",
            "Arn",
          ],
        },
      },
      "Type": "AWS::KMS::Alias",
    },
    "Route53dnsseckskC7DA8E60": {
      "DependsOn": [
        "Route53dnsseckey05131871",
      ],
      "Properties": {
        "HostedZoneId": {
          "Ref": "Route53hostedzone82773177",
        },
        "KeyManagementServiceArn": {
          "Fn::GetAtt": [
            "Route53dnsseckey05131871",
            "Arn",
          ],
        },
        "Name": "prdKeyNutsChocoCom",
        "Status": "ACTIVE",
      },
      "Type": "AWS::Route53::KeySigningKey",
    },
    "Route53gwsdkimtxt8B37E544": {
      "Properties": {
        "HostedZoneId": {
          "Ref": "Route53hostedzone82773177",
        },
        "Name": "google._domainkey.nuts-choco.com.",
        "ResourceRecords": [
          ""v=DKIM1; k=rsa; p=MIGfMA0GCSqGSIb3DQEBAQUAA4GNADCBiQKBgQDKcX1KcA+yJJ5ryBDjhFp2XXaDTX9fqNHGIsKg87T9+QppJILyQDdUmxKVxpR8KBNKiN+yCy/t8/dzOsBG9e9AQvmn9bqKCu5EjbbGK01NTON4lIBt3mjMgwdCXYy1eSAioXCIjELyjBY35Hbs0b91aCogx0Y+hGp1F8QyTw0c2wIDAQAB"",
        ],
        "TTL": "1800",
        "Type": "TXT",
      },
      "Type": "AWS::Route53::RecordSet",
    },
    "Route53gwsmxrecords12D8A27F": {
      "Properties": {
        "HostedZoneId": {
          "Ref": "Route53hostedzone82773177",
        },
        "Name": "nuts-choco.com.",
        "ResourceRecords": [
          "10 aspmx.l.google.com",
          "20 alt1.aspmx.l.google.com",
          "30 alt2.aspmx.l.google.com",
          "40 aspmx2.googlemail.com",
          "50 aspmx3.googlemail.com",
          "60 aspmx4.googlemail.com",
          "70 aspmx5.googlemail.com",
        ],
        "TTL": "1800",
        "Type": "MX",
      },
      "Type": "AWS::Route53::RecordSet",
    },
    "Route53gwssendgridrecords0A07C360": {
      "Properties": {
        "HostedZoneId": {
          "Ref": "Route53hostedzone82773177",
        },
        "Name": "nuts-choco.com.",
        "ResourceRecords": [
          ""v=spf1 include:_spf.google.com include:sendgrid.net ~all"",
        ],
        "TTL": "1800",
        "Type": "TXT",
      },
      "Type": "AWS::Route53::RecordSet",
    },
    "Route53hostedzone82773177": {
      "DeletionPolicy": "Delete",
      "Properties": {
        "Name": "nuts-choco.com.",
      },
      "Type": "AWS::Route53::HostedZone",
      "UpdateReplacePolicy": "Delete",
    },
    "Route53sendgridcnamerecords09ED7D07": {
      "Properties": {
        "HostedZoneId": {
          "Ref": "Route53hostedzone82773177",
        },
        "Name": "9232917.nuts-choco.com.",
        "ResourceRecords": [
          "sendgrid.net",
        ],
        "TTL": "1800",
        "Type": "CNAME",
      },
      "Type": "AWS::Route53::RecordSet",
    },
    "Route53sendgridcnamerecordsemC95A5F37": {
      "Properties": {
        "HostedZoneId": {
          "Ref": "Route53hostedzone82773177",
        },
        "Name": "em9501.nuts-choco.com.",
        "ResourceRecords": [
          "u9232917.wl168.sendgrid.net",
        ],
        "TTL": "1800",
        "Type": "CNAME",
      },
      "Type": "AWS::Route53::RecordSet",
    },
    "Route53sendgridcnamerecordsurl0E7D71CC": {
      "Properties": {
        "HostedZoneId": {
          "Ref": "Route53hostedzone82773177",
        },
        "Name": "url9631.nuts-choco.com.",
        "ResourceRecords": [
          "sendgrid.net",
        ],
        "TTL": "1800",
        "Type": "CNAME",
      },
      "Type": "AWS::Route53::RecordSet",
    },
    "Route53sendgriddkimtxt129C08699": {
      "Properties": {
        "HostedZoneId": {
          "Ref": "Route53hostedzone82773177",
        },
        "Name": "s1._domainkey.nuts-choco.com.",
        "ResourceRecords": [
          "s1.domainkey.u9232917.wl168.sendgrid.net",
        ],
        "TTL": "1800",
        "Type": "CNAME",
      },
      "Type": "AWS::Route53::RecordSet",
    },
    "Route53sendgriddkimtxt2399E3A7A": {
      "Properties": {
        "HostedZoneId": {
          "Ref": "Route53hostedzone82773177",
        },
        "Name": "s2._domainkey.nuts-choco.com.",
        "ResourceRecords": [
          "s2.domainkey.u9232917.wl168.sendgrid.net",
        ],
        "TTL": "1800",
        "Type": "CNAME",
      },
      "Type": "AWS::Route53::RecordSet",
    },
  },
  "Rules": {
    "CheckBootstrapVersion": {
      "Assertions": [
        {
          "Assert": {
            "Fn::Not": [
              {
                "Fn::Contains": [
                  [
                    "1",
                    "2",
                    "3",
                    "4",
                    "5",
                  ],
                  {
                    "Ref": "BootstrapVersion",
                  },
                ],
              },
            ],
          },
          "AssertDescription": "CDK bootstrap stack version 6 required. Please run 'cdk bootstrap' with a recent version of the CDK CLI.",
        },
      ],
    },
  },
}
`;

exports[`Matches the snapshot rootStack 1`] = `
{
  "Parameters": {
    "BootstrapVersion": {
      "Default": "/cdk-bootstrap/hnb659fds/version",
      "Description": "Version of the CDK Bootstrap resources in this environment, automatically retrieved from SSM Parameter Store. [cdk:skip]",
      "Type": "AWS::SSM::Parameter::Value<String>",
    },
  },
  "Resources": {
    "CdkPipelinecdkpipelineAssetsFileAsset1D6512548": {
      "Properties": {
        "Artifacts": {
          "Type": "CODEPIPELINE",
        },
        "Cache": {
          "Type": "NO_CACHE",
        },
        "Description": "Pipeline step RootStack/cdk-pipeline-pipeline/Assets/FileAsset1",
        "EncryptionKey": {
          "Fn::GetAtt": [
            "CdkPipelinecdkpipelinepipelineArtifactsBucketEncryptionKey2C26E8FF",
            "Arn",
          ],
        },
        "Environment": {
          "ComputeType": "BUILD_GENERAL1_SMALL",
          "Image": "aws/codebuild/standard:7.0",
          "ImagePullCredentialsType": "CODEBUILD",
          "PrivilegedMode": false,
          "Type": "LINUX_CONTAINER",
        },
        "ServiceRole": {
          "Fn::GetAtt": [
            "CdkPipelinecdkpipelineAssetsFileRole075C46D5",
            "Arn",
          ],
        },
        "Source": {
          "BuildSpec": "{
  "version": "0.2",
  "phases": {
    "install": {
      "commands": [
        "npm install -g cdk-assets@latest"
      ]
    },
    "build": {
      "commands": [
        "cdk-assets --path \\"assembly-RootStack-CdkPipeline-dev/RootStackCdkPipelinedevAppStack37451EDC.assets.json\\" --verbose publish \\"faa95a81ae7d7373f3e1f242268f904eb748d8d0fdd306e8a6fe515a1905a7d6:533570606590-current_region\\"",
        "cdk-assets --path \\"assembly-RootStack-CdkPipeline-prd/RootStackCdkPipelineprdAppStack938519F7.assets.json\\" --verbose publish \\"faa95a81ae7d7373f3e1f242268f904eb748d8d0fdd306e8a6fe515a1905a7d6:992382384155-current_region\\""
      ]
    }
  }
}",
          "Type": "CODEPIPELINE",
        },
      },
      "Type": "AWS::CodeBuild::Project",
    },
    "CdkPipelinecdkpipelineAssetsFileRole075C46D5": {
      "Properties": {
        "AssumeRolePolicyDocument": {
          "Statement": [
            {
              "Action": "sts:AssumeRole",
              "Effect": "Allow",
              "Principal": {
                "Service": "codebuild.amazonaws.com",
              },
            },
          ],
          "Version": "2012-10-17",
        },
      },
      "Type": "AWS::IAM::Role",
    },
    "CdkPipelinecdkpipelineAssetsFileRoleDefaultPolicyA7868180": {
      "Properties": {
        "PolicyDocument": {
          "Statement": [
            {
              "Action": [
                "logs:CreateLogGroup",
                "logs:CreateLogStream",
                "logs:PutLogEvents",
              ],
              "Effect": "Allow",
              "Resource": {
                "Fn::Join": [
                  "",
                  [
                    "arn:",
                    {
                      "Ref": "AWS::Partition",
                    },
                    ":logs:us-east-1:700359865376:log-group:/aws/codebuild/*",
                  ],
                ],
              },
            },
            {
              "Action": [
                "codebuild:CreateReportGroup",
                "codebuild:CreateReport",
                "codebuild:UpdateReport",
                "codebuild:BatchPutTestCases",
                "codebuild:BatchPutCodeCoverages",
              ],
              "Effect": "Allow",
              "Resource": {
                "Fn::Join": [
                  "",
                  [
                    "arn:",
                    {
                      "Ref": "AWS::Partition",
                    },
                    ":codebuild:us-east-1:700359865376:report-group/*",
                  ],
                ],
              },
            },
            {
              "Action": [
                "codebuild:BatchGetBuilds",
                "codebuild:StartBuild",
                "codebuild:StopBuild",
              ],
              "Effect": "Allow",
              "Resource": "*",
            },
            {
              "Action": "sts:AssumeRole",
              "Effect": "Allow",
              "Resource": [
                {
                  "Fn::Sub": "arn:\${AWS::Partition}:iam::533570606590:role/cdk-hnb659fds-file-publishing-role-533570606590-\${AWS::Region}",
                },
                {
                  "Fn::Sub": "arn:\${AWS::Partition}:iam::992382384155:role/cdk-hnb659fds-file-publishing-role-992382384155-\${AWS::Region}",
                },
              ],
            },
            {
              "Action": [
                "s3:GetObject*",
                "s3:GetBucket*",
                "s3:List*",
              ],
              "Effect": "Allow",
              "Resource": [
                {
                  "Fn::GetAtt": [
                    "CdkPipelinecdkpipelinepipelineArtifactsBucketDB57F132",
                    "Arn",
                  ],
                },
                {
                  "Fn::Join": [
                    "",
                    [
                      {
                        "Fn::GetAtt": [
                          "CdkPipelinecdkpipelinepipelineArtifactsBucketDB57F132",
                          "Arn",
                        ],
                      },
                      "/*",
                    ],
                  ],
                },
              ],
            },
            {
              "Action": [
                "kms:Decrypt",
                "kms:DescribeKey",
              ],
              "Effect": "Allow",
              "Resource": {
                "Fn::GetAtt": [
                  "CdkPipelinecdkpipelinepipelineArtifactsBucketEncryptionKey2C26E8FF",
                  "Arn",
                ],
              },
            },
          ],
          "Version": "2012-10-17",
        },
        "PolicyName": "CdkPipelinecdkpipelineAssetsFileRoleDefaultPolicyA7868180",
        "Roles": [
          {
            "Ref": "CdkPipelinecdkpipelineAssetsFileRole075C46D5",
          },
        ],
      },
      "Type": "AWS::IAM::Policy",
    },
    "CdkPipelinecdkpipelineCodeBuildActionRole19AB58C7": {
      "Properties": {
        "AssumeRolePolicyDocument": {
          "Statement": [
            {
              "Action": "sts:AssumeRole",
              "Effect": "Allow",
              "Principal": {
                "AWS": {
                  "Fn::GetAtt": [
                    "CdkPipelinecdkpipelinepipelineRole7C58051F",
                    "Arn",
                  ],
                },
              },
            },
          ],
          "Version": "2012-10-17",
        },
      },
      "Type": "AWS::IAM::Role",
    },
    "CdkPipelinecdkpipelineCodeBuildActionRoleDefaultPolicy1564AD05": {
      "Properties": {
        "PolicyDocument": {
          "Statement": [
            {
              "Action": [
                "codebuild:BatchGetBuilds",
                "codebuild:StartBuild",
                "codebuild:StopBuild",
              ],
              "Effect": "Allow",
              "Resource": {
                "Fn::GetAtt": [
                  "CdkPipelinecdkpipelinepipelineBuildSynthCdkBuildProject9D1F542C",
                  "Arn",
                ],
              },
            },
            {
              "Action": [
                "codebuild:BatchGetBuilds",
                "codebuild:StartBuild",
                "codebuild:StopBuild",
              ],
              "Effect": "Allow",
              "Resource": {
                "Fn::GetAtt": [
                  "CdkPipelinecdkpipelineUpdatePipelineSelfMutationE4B0AF47",
                  "Arn",
                ],
              },
            },
            {
              "Action": [
                "codebuild:BatchGetBuilds",
                "codebuild:StartBuild",
                "codebuild:StopBuild",
              ],
              "Effect": "Allow",
              "Resource": {
                "Fn::GetAtt": [
                  "CdkPipelinecdkpipelineAssetsFileAsset1D6512548",
                  "Arn",
                ],
              },
            },
          ],
          "Version": "2012-10-17",
        },
        "PolicyName": "CdkPipelinecdkpipelineCodeBuildActionRoleDefaultPolicy1564AD05",
        "Roles": [
          {
            "Ref": "CdkPipelinecdkpipelineCodeBuildActionRole19AB58C7",
          },
        ],
      },
      "Type": "AWS::IAM::Policy",
    },
    "CdkPipelinecdkpipelineUpdatePipelineSelfMutationE4B0AF47": {
      "Properties": {
        "Artifacts": {
          "Type": "CODEPIPELINE",
        },
        "Cache": {
          "Type": "NO_CACHE",
        },
        "Description": "Pipeline step RootStack/cdk-pipeline-pipeline/UpdatePipeline/SelfMutate",
        "EncryptionKey": {
          "Fn::GetAtt": [
            "CdkPipelinecdkpipelinepipelineArtifactsBucketEncryptionKey2C26E8FF",
            "Arn",
          ],
        },
        "Environment": {
          "ComputeType": "BUILD_GENERAL1_SMALL",
          "Image": "aws/codebuild/standard:7.0",
          "ImagePullCredentialsType": "CODEBUILD",
          "PrivilegedMode": false,
          "Type": "LINUX_CONTAINER",
        },
        "ServiceRole": {
          "Fn::GetAtt": [
            "CdkPipelinecdkpipelineUpdatePipelineSelfMutationRole0AE57EDA",
            "Arn",
          ],
        },
        "Source": {
          "BuildSpec": "{
  "version": "0.2",
  "phases": {
    "install": {
      "commands": [
        "npm install -g aws-cdk@2"
      ]
    },
    "build": {
      "commands": [
        "cdk -a . deploy RootStack --require-approval=never --verbose"
      ]
    }
  }
}",
          "Type": "CODEPIPELINE",
        },
      },
      "Type": "AWS::CodeBuild::Project",
    },
    "CdkPipelinecdkpipelineUpdatePipelineSelfMutationRole0AE57EDA": {
      "Properties": {
        "AssumeRolePolicyDocument": {
          "Statement": [
            {
              "Action": "sts:AssumeRole",
              "Effect": "Allow",
              "Principal": {
                "Service": "codebuild.amazonaws.com",
              },
            },
          ],
          "Version": "2012-10-17",
        },
      },
      "Type": "AWS::IAM::Role",
    },
    "CdkPipelinecdkpipelineUpdatePipelineSelfMutationRoleDefaultPolicy1B0647DC": {
      "Properties": {
        "PolicyDocument": {
          "Statement": [
            {
              "Action": [
                "logs:CreateLogGroup",
                "logs:CreateLogStream",
                "logs:PutLogEvents",
              ],
              "Effect": "Allow",
              "Resource": [
                {
                  "Fn::Join": [
                    "",
                    [
                      "arn:",
                      {
                        "Ref": "AWS::Partition",
                      },
                      ":logs:us-east-1:700359865376:log-group:/aws/codebuild/",
                      {
                        "Ref": "CdkPipelinecdkpipelineUpdatePipelineSelfMutationE4B0AF47",
                      },
                    ],
                  ],
                },
                {
                  "Fn::Join": [
                    "",
                    [
                      "arn:",
                      {
                        "Ref": "AWS::Partition",
                      },
                      ":logs:us-east-1:700359865376:log-group:/aws/codebuild/",
                      {
                        "Ref": "CdkPipelinecdkpipelineUpdatePipelineSelfMutationE4B0AF47",
                      },
                      ":*",
                    ],
                  ],
                },
              ],
            },
            {
              "Action": [
                "codebuild:CreateReportGroup",
                "codebuild:CreateReport",
                "codebuild:UpdateReport",
                "codebuild:BatchPutTestCases",
                "codebuild:BatchPutCodeCoverages",
              ],
              "Effect": "Allow",
              "Resource": {
                "Fn::Join": [
                  "",
                  [
                    "arn:",
                    {
                      "Ref": "AWS::Partition",
                    },
                    ":codebuild:us-east-1:700359865376:report-group/",
                    {
                      "Ref": "CdkPipelinecdkpipelineUpdatePipelineSelfMutationE4B0AF47",
                    },
                    "-*",
                  ],
                ],
              },
            },
            {
              "Action": "sts:AssumeRole",
              "Condition": {
                "ForAnyValue:StringEquals": {
                  "iam:ResourceTag/aws-cdk:bootstrap-role": [
                    "image-publishing",
                    "file-publishing",
                    "deploy",
                  ],
                },
              },
              "Effect": "Allow",
              "Resource": "arn:*:iam::700359865376:role/*",
            },
            {
              "Action": "cloudformation:DescribeStacks",
              "Effect": "Allow",
              "Resource": "*",
            },
            {
              "Action": "s3:ListBucket",
              "Effect": "Allow",
              "Resource": "*",
            },
            {
              "Action": [
                "s3:GetObject*",
                "s3:GetBucket*",
                "s3:List*",
              ],
              "Effect": "Allow",
              "Resource": [
                {
                  "Fn::GetAtt": [
                    "CdkPipelinecdkpipelinepipelineArtifactsBucketDB57F132",
                    "Arn",
                  ],
                },
                {
                  "Fn::Join": [
                    "",
                    [
                      {
                        "Fn::GetAtt": [
                          "CdkPipelinecdkpipelinepipelineArtifactsBucketDB57F132",
                          "Arn",
                        ],
                      },
                      "/*",
                    ],
                  ],
                },
              ],
            },
            {
              "Action": [
                "kms:Decrypt",
                "kms:DescribeKey",
              ],
              "Effect": "Allow",
              "Resource": {
                "Fn::GetAtt": [
                  "CdkPipelinecdkpipelinepipelineArtifactsBucketEncryptionKey2C26E8FF",
                  "Arn",
                ],
              },
            },
            {
              "Action": [
                "kms:Decrypt",
                "kms:Encrypt",
                "kms:ReEncrypt*",
                "kms:GenerateDataKey*",
              ],
              "Effect": "Allow",
              "Resource": {
                "Fn::GetAtt": [
                  "CdkPipelinecdkpipelinepipelineArtifactsBucketEncryptionKey2C26E8FF",
                  "Arn",
                ],
              },
            },
          ],
          "Version": "2012-10-17",
        },
        "PolicyName": "CdkPipelinecdkpipelineUpdatePipelineSelfMutationRoleDefaultPolicy1B0647DC",
        "Roles": [
          {
            "Ref": "CdkPipelinecdkpipelineUpdatePipelineSelfMutationRole0AE57EDA",
          },
        ],
      },
      "Type": "AWS::IAM::Policy",
    },
    "CdkPipelinecdkpipelineconnection239684AE": {
      "Properties": {
        "ConnectionName": "cdk-pipeline-connection",
        "ProviderType": "GitHub",
      },
      "Type": "AWS::CodeConnections::Connection",
    },
    "CdkPipelinecdkpipelinepipeline9E2E7AD8": {
      "DependsOn": [
        "CdkPipelinecdkpipelinepipelineRoleDefaultPolicy959CAD53",
        "CdkPipelinecdkpipelinepipelineRole7C58051F",
      ],
      "Properties": {
        "ArtifactStore": {
          "EncryptionKey": {
            "Id": {
              "Fn::GetAtt": [
                "CdkPipelinecdkpipelinepipelineArtifactsBucketEncryptionKey2C26E8FF",
                "Arn",
              ],
            },
            "Type": "KMS",
          },
          "Location": {
            "Ref": "CdkPipelinecdkpipelinepipelineArtifactsBucketDB57F132",
          },
          "Type": "S3",
        },
        "PipelineType": "V2",
        "RestartExecutionOnUpdate": false,
        "RoleArn": {
          "Fn::GetAtt": [
            "CdkPipelinecdkpipelinepipelineRole7C58051F",
            "Arn",
          ],
        },
        "Stages": [
          {
            "Actions": [
              {
                "ActionTypeId": {
                  "Category": "Source",
                  "Owner": "AWS",
                  "Provider": "CodeStarSourceConnection",
                  "Version": "1",
                },
                "Configuration": {
                  "BranchName": "main",
                  "ConnectionArn": {
                    "Fn::GetAtt": [
                      "CdkPipelinecdkpipelineconnection239684AE",
                      "ConnectionArn",
                    ],
                  },
                  "DetectChanges": true,
                  "FullRepositoryId": "ShinichiU/cdk",
                },
                "Name": "ShinichiU_cdk",
                "OutputArtifacts": [
                  {
                    "Name": "ShinichiU_cdk_Source",
                  },
                ],
                "RoleArn": {
                  "Fn::GetAtt": [
                    "CdkPipelinecdkpipelinepipelineSourceShinichiUcdkCodePipelineActionRole7703306B",
                    "Arn",
                  ],
                },
                "RunOrder": 1,
              },
            ],
            "Name": "Source",
          },
          {
            "Actions": [
              {
                "ActionTypeId": {
                  "Category": "Build",
                  "Owner": "AWS",
                  "Provider": "CodeBuild",
                  "Version": "1",
                },
                "Configuration": {
                  "EnvironmentVariables": "[{"name":"_PROJECT_CONFIG_HASH","type":"PLAINTEXT","value":"715348d97cc9117577184fc4a82152b539c99dc6c30336e09a236e17179d0cd2"}]",
                  "ProjectName": {
                    "Ref": "CdkPipelinecdkpipelinepipelineBuildSynthCdkBuildProject9D1F542C",
                  },
                },
                "InputArtifacts": [
                  {
                    "Name": "ShinichiU_cdk_Source",
                  },
                ],
                "Name": "Synth",
                "OutputArtifacts": [
                  {
                    "Name": "Synth_Output",
                  },
                ],
                "RoleArn": {
                  "Fn::GetAtt": [
                    "CdkPipelinecdkpipelineCodeBuildActionRole19AB58C7",
                    "Arn",
                  ],
                },
                "RunOrder": 1,
              },
            ],
            "Name": "Build",
          },
          {
            "Actions": [
              {
                "ActionTypeId": {
                  "Category": "Build",
                  "Owner": "AWS",
                  "Provider": "CodeBuild",
                  "Version": "1",
                },
                "Configuration": {
                  "EnvironmentVariables": "[{"name":"_PROJECT_CONFIG_HASH","type":"PLAINTEXT","value":"f318ce804ba3d6ddc25d26b8bb7cb4796cb0adeb948073c82267275cad331563"}]",
                  "ProjectName": {
                    "Ref": "CdkPipelinecdkpipelineUpdatePipelineSelfMutationE4B0AF47",
                  },
                },
                "InputArtifacts": [
                  {
                    "Name": "Synth_Output",
                  },
                ],
                "Name": "SelfMutate",
                "RoleArn": {
                  "Fn::GetAtt": [
                    "CdkPipelinecdkpipelineCodeBuildActionRole19AB58C7",
                    "Arn",
                  ],
                },
                "RunOrder": 1,
              },
            ],
            "Name": "UpdatePipeline",
          },
          {
            "Actions": [
              {
                "ActionTypeId": {
                  "Category": "Build",
                  "Owner": "AWS",
                  "Provider": "CodeBuild",
                  "Version": "1",
                },
                "Configuration": {
                  "ProjectName": {
                    "Ref": "CdkPipelinecdkpipelineAssetsFileAsset1D6512548",
                  },
                },
                "InputArtifacts": [
                  {
                    "Name": "Synth_Output",
                  },
                ],
                "Name": "FileAsset1",
                "RoleArn": {
                  "Fn::GetAtt": [
                    "CdkPipelinecdkpipelineCodeBuildActionRole19AB58C7",
                    "Arn",
                  ],
                },
                "RunOrder": 1,
              },
            ],
            "Name": "Assets",
          },
          {
            "Actions": [
              {
                "ActionTypeId": {
                  "Category": "Deploy",
                  "Owner": "AWS",
                  "Provider": "CloudFormation",
                  "Version": "1",
                },
                "Configuration": {
                  "ActionMode": "CHANGE_SET_REPLACE",
                  "Capabilities": "CAPABILITY_NAMED_IAM,CAPABILITY_AUTO_EXPAND",
                  "ChangeSetName": "PipelineChange",
                  "RoleArn": {
                    "Fn::Join": [
                      "",
                      [
                        "arn:",
                        {
                          "Ref": "AWS::Partition",
                        },
                        ":iam::533570606590:role/cdk-hnb659fds-cfn-exec-role-533570606590-",
                        {
                          "Ref": "AWS::Region",
                        },
                      ],
                    ],
                  },
                  "StackName": "dev-AppStack",
                  "TemplatePath": "Synth_Output::assembly-RootStack-CdkPipeline-dev/RootStackCdkPipelinedevAppStack37451EDC.template.json",
                },
                "InputArtifacts": [
                  {
                    "Name": "Synth_Output",
                  },
                ],
                "Name": "Prepare",
                "RoleArn": {
                  "Fn::Join": [
                    "",
                    [
                      "arn:",
                      {
                        "Ref": "AWS::Partition",
                      },
                      ":iam::533570606590:role/cdk-hnb659fds-deploy-role-533570606590-",
                      {
                        "Ref": "AWS::Region",
                      },
                    ],
                  ],
                },
                "RunOrder": 1,
              },
              {
                "ActionTypeId": {
                  "Category": "Deploy",
                  "Owner": "AWS",
                  "Provider": "CloudFormation",
                  "Version": "1",
                },
                "Configuration": {
                  "ActionMode": "CHANGE_SET_EXECUTE",
                  "ChangeSetName": "PipelineChange",
                  "StackName": "dev-AppStack",
                },
                "Name": "Deploy",
                "RoleArn": {
                  "Fn::Join": [
                    "",
                    [
                      "arn:",
                      {
                        "Ref": "AWS::Partition",
                      },
                      ":iam::533570606590:role/cdk-hnb659fds-deploy-role-533570606590-",
                      {
                        "Ref": "AWS::Region",
                      },
                    ],
                  ],
                },
                "RunOrder": 2,
              },
            ],
            "Name": "dev",
          },
          {
            "Actions": [
              {
                "ActionTypeId": {
                  "Category": "Approval",
                  "Owner": "AWS",
                  "Provider": "Manual",
                  "Version": "1",
                },
                "Name": "Approve",
                "RoleArn": {
                  "Fn::GetAtt": [
                    "CdkPipelinecdkpipelinepipelineprdApproveCodePipelineActionRole0D31696E",
                    "Arn",
                  ],
                },
                "RunOrder": 1,
              },
              {
                "ActionTypeId": {
                  "Category": "Deploy",
                  "Owner": "AWS",
                  "Provider": "CloudFormation",
                  "Version": "1",
                },
                "Configuration": {
                  "ActionMode": "CHANGE_SET_REPLACE",
                  "Capabilities": "CAPABILITY_NAMED_IAM,CAPABILITY_AUTO_EXPAND",
                  "ChangeSetName": "PipelineChange",
                  "RoleArn": {
                    "Fn::Join": [
                      "",
                      [
                        "arn:",
                        {
                          "Ref": "AWS::Partition",
                        },
                        ":iam::992382384155:role/cdk-hnb659fds-cfn-exec-role-992382384155-",
                        {
                          "Ref": "AWS::Region",
                        },
                      ],
                    ],
                  },
                  "StackName": "prd-AppStack",
                  "TemplatePath": "Synth_Output::assembly-RootStack-CdkPipeline-prd/RootStackCdkPipelineprdAppStack938519F7.template.json",
                },
                "InputArtifacts": [
                  {
                    "Name": "Synth_Output",
                  },
                ],
                "Name": "AppStack.Prepare",
                "RoleArn": {
                  "Fn::Join": [
                    "",
                    [
                      "arn:",
                      {
                        "Ref": "AWS::Partition",
                      },
                      ":iam::992382384155:role/cdk-hnb659fds-deploy-role-992382384155-",
                      {
                        "Ref": "AWS::Region",
                      },
                    ],
                  ],
                },
                "RunOrder": 2,
              },
              {
                "ActionTypeId": {
                  "Category": "Deploy",
                  "Owner": "AWS",
                  "Provider": "CloudFormation",
                  "Version": "1",
                },
                "Configuration": {
                  "ActionMode": "CHANGE_SET_EXECUTE",
                  "ChangeSetName": "PipelineChange",
                  "StackName": "prd-AppStack",
                },
                "Name": "AppStack.Deploy",
                "RoleArn": {
                  "Fn::Join": [
                    "",
                    [
                      "arn:",
                      {
                        "Ref": "AWS::Partition",
                      },
                      ":iam::992382384155:role/cdk-hnb659fds-deploy-role-992382384155-",
                      {
                        "Ref": "AWS::Region",
                      },
                    ],
                  ],
                },
                "RunOrder": 3,
              },
            ],
            "Name": "prd",
          },
        ],
      },
      "Type": "AWS::CodePipeline::Pipeline",
    },
    "CdkPipelinecdkpipelinepipelineArtifactsBucketDB57F132": {
      "DeletionPolicy": "Retain",
      "Properties": {
        "BucketEncryption": {
          "ServerSideEncryptionConfiguration": [
            {
              "ServerSideEncryptionByDefault": {
                "KMSMasterKeyID": {
                  "Fn::GetAtt": [
                    "CdkPipelinecdkpipelinepipelineArtifactsBucketEncryptionKey2C26E8FF",
                    "Arn",
                  ],
                },
                "SSEAlgorithm": "aws:kms",
              },
            },
          ],
        },
        "PublicAccessBlockConfiguration": {
          "BlockPublicAcls": true,
          "BlockPublicPolicy": true,
          "IgnorePublicAcls": true,
          "RestrictPublicBuckets": true,
        },
      },
      "Type": "AWS::S3::Bucket",
      "UpdateReplacePolicy": "Retain",
    },
    "CdkPipelinecdkpipelinepipelineArtifactsBucketEncryptionKey2C26E8FF": {
      "DeletionPolicy": "Delete",
      "Properties": {
        "KeyPolicy": {
          "Statement": [
            {
              "Action": "kms:*",
              "Effect": "Allow",
              "Principal": {
                "AWS": {
                  "Fn::Join": [
                    "",
                    [
                      "arn:",
                      {
                        "Ref": "AWS::Partition",
                      },
                      ":iam::700359865376:root",
                    ],
                  ],
                },
              },
              "Resource": "*",
            },
            {
              "Action": [
                "kms:Decrypt",
                "kms:DescribeKey",
              ],
              "Effect": "Allow",
              "Principal": {
                "AWS": {
                  "Fn::Join": [
                    "",
                    [
                      "arn:",
                      {
                        "Ref": "AWS::Partition",
                      },
                      ":iam::533570606590:role/cdk-hnb659fds-deploy-role-533570606590-",
                      {
                        "Ref": "AWS::Region",
                      },
                    ],
                  ],
                },
              },
              "Resource": "*",
            },
            {
              "Action": [
                "kms:Decrypt",
                "kms:DescribeKey",
              ],
              "Effect": "Allow",
              "Principal": {
                "AWS": {
                  "Fn::Join": [
                    "",
                    [
                      "arn:",
                      {
                        "Ref": "AWS::Partition",
                      },
                      ":iam::992382384155:role/cdk-hnb659fds-deploy-role-992382384155-",
                      {
                        "Ref": "AWS::Region",
                      },
                    ],
                  ],
                },
              },
              "Resource": "*",
            },
          ],
          "Version": "2012-10-17",
        },
      },
      "Type": "AWS::KMS::Key",
      "UpdateReplacePolicy": "Delete",
    },
    "CdkPipelinecdkpipelinepipelineArtifactsBucketEncryptionKeyAlias98C1231F": {
      "DeletionPolicy": "Delete",
      "Properties": {
        "AliasName": "alias/codepipeline-rootstackcdkpipelinecdkpipelinepipeline0ae70f67",
        "TargetKeyId": {
          "Fn::GetAtt": [
            "CdkPipelinecdkpipelinepipelineArtifactsBucketEncryptionKey2C26E8FF",
            "Arn",
          ],
        },
      },
      "Type": "AWS::KMS::Alias",
      "UpdateReplacePolicy": "Delete",
    },
    "CdkPipelinecdkpipelinepipelineArtifactsBucketPolicy1D03CBB1": {
      "Properties": {
        "Bucket": {
          "Ref": "CdkPipelinecdkpipelinepipelineArtifactsBucketDB57F132",
        },
        "PolicyDocument": {
          "Statement": [
            {
              "Action": "s3:*",
              "Condition": {
                "Bool": {
                  "aws:SecureTransport": "false",
                },
              },
              "Effect": "Deny",
              "Principal": {
                "AWS": "*",
              },
              "Resource": [
                {
                  "Fn::GetAtt": [
                    "CdkPipelinecdkpipelinepipelineArtifactsBucketDB57F132",
                    "Arn",
                  ],
                },
                {
                  "Fn::Join": [
                    "",
                    [
                      {
                        "Fn::GetAtt": [
                          "CdkPipelinecdkpipelinepipelineArtifactsBucketDB57F132",
                          "Arn",
                        ],
                      },
                      "/*",
                    ],
                  ],
                },
              ],
            },
            {
              "Action": [
                "s3:GetObject*",
                "s3:GetBucket*",
                "s3:List*",
              ],
              "Effect": "Allow",
              "Principal": {
                "AWS": {
                  "Fn::Join": [
                    "",
                    [
                      "arn:",
                      {
                        "Ref": "AWS::Partition",
                      },
                      ":iam::533570606590:role/cdk-hnb659fds-deploy-role-533570606590-",
                      {
                        "Ref": "AWS::Region",
                      },
                    ],
                  ],
                },
              },
              "Resource": [
                {
                  "Fn::GetAtt": [
                    "CdkPipelinecdkpipelinepipelineArtifactsBucketDB57F132",
                    "Arn",
                  ],
                },
                {
                  "Fn::Join": [
                    "",
                    [
                      {
                        "Fn::GetAtt": [
                          "CdkPipelinecdkpipelinepipelineArtifactsBucketDB57F132",
                          "Arn",
                        ],
                      },
                      "/*",
                    ],
                  ],
                },
              ],
            },
            {
              "Action": [
                "s3:GetObject*",
                "s3:GetBucket*",
                "s3:List*",
              ],
              "Effect": "Allow",
              "Principal": {
                "AWS": {
                  "Fn::Join": [
                    "",
                    [
                      "arn:",
                      {
                        "Ref": "AWS::Partition",
                      },
                      ":iam::992382384155:role/cdk-hnb659fds-deploy-role-992382384155-",
                      {
                        "Ref": "AWS::Region",
                      },
                    ],
                  ],
                },
              },
              "Resource": [
                {
                  "Fn::GetAtt": [
                    "CdkPipelinecdkpipelinepipelineArtifactsBucketDB57F132",
                    "Arn",
                  ],
                },
                {
                  "Fn::Join": [
                    "",
                    [
                      {
                        "Fn::GetAtt": [
                          "CdkPipelinecdkpipelinepipelineArtifactsBucketDB57F132",
                          "Arn",
                        ],
                      },
                      "/*",
                    ],
                  ],
                },
              ],
            },
          ],
          "Version": "2012-10-17",
        },
      },
      "Type": "AWS::S3::BucketPolicy",
    },
    "CdkPipelinecdkpipelinepipelineBuildSynthCdkBuildProject9D1F542C": {
      "Properties": {
        "Artifacts": {
          "Type": "CODEPIPELINE",
        },
        "Cache": {
          "Type": "NO_CACHE",
        },
        "Description": "Pipeline step RootStack/cdk-pipeline-pipeline/Build/Synth",
        "EncryptionKey": {
          "Fn::GetAtt": [
            "CdkPipelinecdkpipelinepipelineArtifactsBucketEncryptionKey2C26E8FF",
            "Arn",
          ],
        },
        "Environment": {
          "ComputeType": "BUILD_GENERAL1_SMALL",
          "Image": "aws/codebuild/standard:7.0",
          "ImagePullCredentialsType": "CODEBUILD",
          "PrivilegedMode": false,
          "Type": "LINUX_CONTAINER",
        },
        "ServiceRole": {
          "Fn::GetAtt": [
            "CdkPipelinecdkpipelinepipelineBuildSynthCdkBuildProjectRole4D1A729E",
            "Arn",
          ],
        },
        "Source": {
          "BuildSpec": "{
  "version": "0.2",
  "phases": {
    "build": {
      "commands": [
        "npm ci",
        "npm run build",
        "npm run cdk synth"
      ]
    }
  },
  "artifacts": {
    "base-directory": "cdk.out",
    "files": "**/*"
  }
}",
          "Type": "CODEPIPELINE",
        },
      },
      "Type": "AWS::CodeBuild::Project",
    },
    "CdkPipelinecdkpipelinepipelineBuildSynthCdkBuildProjectRole4D1A729E": {
      "Properties": {
        "AssumeRolePolicyDocument": {
          "Statement": [
            {
              "Action": "sts:AssumeRole",
              "Effect": "Allow",
              "Principal": {
                "Service": "codebuild.amazonaws.com",
              },
            },
          ],
          "Version": "2012-10-17",
        },
      },
      "Type": "AWS::IAM::Role",
    },
    "CdkPipelinecdkpipelinepipelineBuildSynthCdkBuildProjectRoleDefaultPolicy28F2D10F": {
      "Properties": {
        "PolicyDocument": {
          "Statement": [
            {
              "Action": [
                "logs:CreateLogGroup",
                "logs:CreateLogStream",
                "logs:PutLogEvents",
              ],
              "Effect": "Allow",
              "Resource": [
                {
                  "Fn::Join": [
                    "",
                    [
                      "arn:",
                      {
                        "Ref": "AWS::Partition",
                      },
                      ":logs:us-east-1:700359865376:log-group:/aws/codebuild/",
                      {
                        "Ref": "CdkPipelinecdkpipelinepipelineBuildSynthCdkBuildProject9D1F542C",
                      },
                    ],
                  ],
                },
                {
                  "Fn::Join": [
                    "",
                    [
                      "arn:",
                      {
                        "Ref": "AWS::Partition",
                      },
                      ":logs:us-east-1:700359865376:log-group:/aws/codebuild/",
                      {
                        "Ref": "CdkPipelinecdkpipelinepipelineBuildSynthCdkBuildProject9D1F542C",
                      },
                      ":*",
                    ],
                  ],
                },
              ],
            },
            {
              "Action": [
                "codebuild:CreateReportGroup",
                "codebuild:CreateReport",
                "codebuild:UpdateReport",
                "codebuild:BatchPutTestCases",
                "codebuild:BatchPutCodeCoverages",
              ],
              "Effect": "Allow",
              "Resource": {
                "Fn::Join": [
                  "",
                  [
                    "arn:",
                    {
                      "Ref": "AWS::Partition",
                    },
                    ":codebuild:us-east-1:700359865376:report-group/",
                    {
                      "Ref": "CdkPipelinecdkpipelinepipelineBuildSynthCdkBuildProject9D1F542C",
                    },
                    "-*",
                  ],
                ],
              },
            },
            {
              "Action": [
                "s3:GetObject*",
                "s3:GetBucket*",
                "s3:List*",
                "s3:DeleteObject*",
                "s3:PutObject",
                "s3:PutObjectLegalHold",
                "s3:PutObjectRetention",
                "s3:PutObjectTagging",
                "s3:PutObjectVersionTagging",
                "s3:Abort*",
              ],
              "Effect": "Allow",
              "Resource": [
                {
                  "Fn::GetAtt": [
                    "CdkPipelinecdkpipelinepipelineArtifactsBucketDB57F132",
                    "Arn",
                  ],
                },
                {
                  "Fn::Join": [
                    "",
                    [
                      {
                        "Fn::GetAtt": [
                          "CdkPipelinecdkpipelinepipelineArtifactsBucketDB57F132",
                          "Arn",
                        ],
                      },
                      "/*",
                    ],
                  ],
                },
              ],
            },
            {
              "Action": [
                "kms:Decrypt",
                "kms:DescribeKey",
                "kms:Encrypt",
                "kms:ReEncrypt*",
                "kms:GenerateDataKey*",
              ],
              "Effect": "Allow",
              "Resource": {
                "Fn::GetAtt": [
                  "CdkPipelinecdkpipelinepipelineArtifactsBucketEncryptionKey2C26E8FF",
                  "Arn",
                ],
              },
            },
            {
              "Action": [
                "kms:Decrypt",
                "kms:Encrypt",
                "kms:ReEncrypt*",
                "kms:GenerateDataKey*",
              ],
              "Effect": "Allow",
              "Resource": {
                "Fn::GetAtt": [
                  "CdkPipelinecdkpipelinepipelineArtifactsBucketEncryptionKey2C26E8FF",
                  "Arn",
                ],
              },
            },
          ],
          "Version": "2012-10-17",
        },
        "PolicyName": "CdkPipelinecdkpipelinepipelineBuildSynthCdkBuildProjectRoleDefaultPolicy28F2D10F",
        "Roles": [
          {
            "Ref": "CdkPipelinecdkpipelinepipelineBuildSynthCdkBuildProjectRole4D1A729E",
          },
        ],
      },
      "Type": "AWS::IAM::Policy",
    },
    "CdkPipelinecdkpipelinepipelineRole7C58051F": {
      "Properties": {
        "AssumeRolePolicyDocument": {
          "Statement": [
            {
              "Action": "sts:AssumeRole",
              "Effect": "Allow",
              "Principal": {
                "Service": "codepipeline.amazonaws.com",
              },
            },
          ],
          "Version": "2012-10-17",
        },
      },
      "Type": "AWS::IAM::Role",
    },
    "CdkPipelinecdkpipelinepipelineRoleDefaultPolicy959CAD53": {
      "Properties": {
        "PolicyDocument": {
          "Statement": [
            {
              "Action": [
                "s3:GetObject*",
                "s3:GetBucket*",
                "s3:List*",
                "s3:DeleteObject*",
                "s3:PutObject",
                "s3:PutObjectLegalHold",
                "s3:PutObjectRetention",
                "s3:PutObjectTagging",
                "s3:PutObjectVersionTagging",
                "s3:Abort*",
              ],
              "Effect": "Allow",
              "Resource": [
                {
                  "Fn::GetAtt": [
                    "CdkPipelinecdkpipelinepipelineArtifactsBucketDB57F132",
                    "Arn",
                  ],
                },
                {
                  "Fn::Join": [
                    "",
                    [
                      {
                        "Fn::GetAtt": [
                          "CdkPipelinecdkpipelinepipelineArtifactsBucketDB57F132",
                          "Arn",
                        ],
                      },
                      "/*",
                    ],
                  ],
                },
              ],
            },
            {
              "Action": [
                "kms:Decrypt",
                "kms:DescribeKey",
                "kms:Encrypt",
                "kms:ReEncrypt*",
                "kms:GenerateDataKey*",
              ],
              "Effect": "Allow",
              "Resource": {
                "Fn::GetAtt": [
                  "CdkPipelinecdkpipelinepipelineArtifactsBucketEncryptionKey2C26E8FF",
                  "Arn",
                ],
              },
            },
            {
              "Action": "sts:AssumeRole",
              "Effect": "Allow",
              "Resource": {
                "Fn::GetAtt": [
                  "CdkPipelinecdkpipelinepipelineSourceShinichiUcdkCodePipelineActionRole7703306B",
                  "Arn",
                ],
              },
            },
            {
              "Action": "sts:AssumeRole",
              "Effect": "Allow",
              "Resource": {
                "Fn::GetAtt": [
                  "CdkPipelinecdkpipelineCodeBuildActionRole19AB58C7",
                  "Arn",
                ],
              },
            },
            {
              "Action": "sts:AssumeRole",
              "Effect": "Allow",
              "Resource": {
                "Fn::Join": [
                  "",
                  [
                    "arn:",
                    {
                      "Ref": "AWS::Partition",
                    },
                    ":iam::533570606590:role/cdk-hnb659fds-deploy-role-533570606590-",
                    {
                      "Ref": "AWS::Region",
                    },
                  ],
                ],
              },
            },
            {
              "Action": "sts:AssumeRole",
              "Effect": "Allow",
              "Resource": {
                "Fn::GetAtt": [
                  "CdkPipelinecdkpipelinepipelineprdApproveCodePipelineActionRole0D31696E",
                  "Arn",
                ],
              },
            },
            {
              "Action": "sts:AssumeRole",
              "Effect": "Allow",
              "Resource": {
                "Fn::Join": [
                  "",
                  [
                    "arn:",
                    {
                      "Ref": "AWS::Partition",
                    },
                    ":iam::992382384155:role/cdk-hnb659fds-deploy-role-992382384155-",
                    {
                      "Ref": "AWS::Region",
                    },
                  ],
                ],
              },
            },
          ],
          "Version": "2012-10-17",
        },
        "PolicyName": "CdkPipelinecdkpipelinepipelineRoleDefaultPolicy959CAD53",
        "Roles": [
          {
            "Ref": "CdkPipelinecdkpipelinepipelineRole7C58051F",
          },
        ],
      },
      "Type": "AWS::IAM::Policy",
    },
    "CdkPipelinecdkpipelinepipelineSourceShinichiUcdkCodePipelineActionRole7703306B": {
      "Properties": {
        "AssumeRolePolicyDocument": {
          "Statement": [
            {
              "Action": "sts:AssumeRole",
              "Effect": "Allow",
              "Principal": {
                "AWS": {
                  "Fn::Join": [
                    "",
                    [
                      "arn:",
                      {
                        "Ref": "AWS::Partition",
                      },
                      ":iam::700359865376:root",
                    ],
                  ],
                },
              },
            },
          ],
          "Version": "2012-10-17",
        },
      },
      "Type": "AWS::IAM::Role",
    },
    "CdkPipelinecdkpipelinepipelineSourceShinichiUcdkCodePipelineActionRoleDefaultPolicy4AA1D1C0": {
      "Properties": {
        "PolicyDocument": {
          "Statement": [
            {
              "Action": "codestar-connections:UseConnection",
              "Effect": "Allow",
              "Resource": {
                "Fn::GetAtt": [
                  "CdkPipelinecdkpipelineconnection239684AE",
                  "ConnectionArn",
                ],
              },
            },
            {
              "Action": [
                "s3:GetObject*",
                "s3:GetBucket*",
                "s3:List*",
                "s3:DeleteObject*",
                "s3:PutObject",
                "s3:PutObjectLegalHold",
                "s3:PutObjectRetention",
                "s3:PutObjectTagging",
                "s3:PutObjectVersionTagging",
                "s3:Abort*",
              ],
              "Effect": "Allow",
              "Resource": [
                {
                  "Fn::GetAtt": [
                    "CdkPipelinecdkpipelinepipelineArtifactsBucketDB57F132",
                    "Arn",
                  ],
                },
                {
                  "Fn::Join": [
                    "",
                    [
                      {
                        "Fn::GetAtt": [
                          "CdkPipelinecdkpipelinepipelineArtifactsBucketDB57F132",
                          "Arn",
                        ],
                      },
                      "/*",
                    ],
                  ],
                },
              ],
            },
            {
              "Action": [
                "kms:Decrypt",
                "kms:DescribeKey",
                "kms:Encrypt",
                "kms:ReEncrypt*",
                "kms:GenerateDataKey*",
              ],
              "Effect": "Allow",
              "Resource": {
                "Fn::GetAtt": [
                  "CdkPipelinecdkpipelinepipelineArtifactsBucketEncryptionKey2C26E8FF",
                  "Arn",
                ],
              },
            },
            {
              "Action": [
                "s3:PutObjectAcl",
                "s3:PutObjectVersionAcl",
              ],
              "Effect": "Allow",
              "Resource": {
                "Fn::Join": [
                  "",
                  [
                    {
                      "Fn::GetAtt": [
                        "CdkPipelinecdkpipelinepipelineArtifactsBucketDB57F132",
                        "Arn",
                      ],
                    },
                    "/*",
                  ],
                ],
              },
            },
          ],
          "Version": "2012-10-17",
        },
        "PolicyName": "CdkPipelinecdkpipelinepipelineSourceShinichiUcdkCodePipelineActionRoleDefaultPolicy4AA1D1C0",
        "Roles": [
          {
            "Ref": "CdkPipelinecdkpipelinepipelineSourceShinichiUcdkCodePipelineActionRole7703306B",
          },
        ],
      },
      "Type": "AWS::IAM::Policy",
    },
    "CdkPipelinecdkpipelinepipelineprdApproveCodePipelineActionRole0D31696E": {
      "Properties": {
        "AssumeRolePolicyDocument": {
          "Statement": [
            {
              "Action": "sts:AssumeRole",
              "Effect": "Allow",
              "Principal": {
                "AWS": {
                  "Fn::Join": [
                    "",
                    [
                      "arn:",
                      {
                        "Ref": "AWS::Partition",
                      },
                      ":iam::700359865376:root",
                    ],
                  ],
                },
              },
            },
          ],
          "Version": "2012-10-17",
        },
      },
      "Type": "AWS::IAM::Role",
    },
  },
  "Rules": {
    "CheckBootstrapVersion": {
      "Assertions": [
        {
          "Assert": {
            "Fn::Not": [
              {
                "Fn::Contains": [
                  [
                    "1",
                    "2",
                    "3",
                    "4",
                    "5",
                  ],
                  {
                    "Ref": "BootstrapVersion",
                  },
                ],
              },
            ],
          },
          "AssertDescription": "CDK bootstrap stack version 6 required. Please run 'cdk bootstrap' with a recent version of the CDK CLI.",
        },
      ],
    },
  },
}
`;
